../Drivers/CMSIS/DSP/Source/FastMathFunctions/arm_cos_f32.c:73:29:arm_cos_f32	48	static
../Drivers/CMSIS/DSP/Source/FastMathFunctions/arm_cos_q15.c:52:25:arm_cos_q15	32	static
../Drivers/CMSIS/DSP/Source/FastMathFunctions/arm_cos_q31.c:52:25:arm_cos_q31	104	static
../Drivers/CMSIS/DSP/Source/FastMathFunctions/arm_sin_f32.c:74:29:arm_sin_f32	48	static
../Drivers/CMSIS/DSP/Source/FastMathFunctions/arm_sin_q15.c:52:25:arm_sin_q15	32	static
../Drivers/CMSIS/DSP/Source/FastMathFunctions/arm_sin_q31.c:52:25:arm_sin_q31	104	static
../Drivers/CMSIS/DSP/Source/FastMathFunctions/arm_sqrt_q31.c:55:30:arm_sqrt_q31	280	static
../Drivers/CMSIS/DSP/Source/FastMathFunctions/arm_sqrt_q15.c:55:30:arm_sqrt_q15	32	static
../Drivers/CMSIS/DSP/Source/FastMathFunctions/arm_vexp_f32.c:60:24:arm_vexp_f32	40	static
../Drivers/CMSIS/DSP/Source/FastMathFunctions/arm_vexp_f64.c:36:24:arm_vexp_f64	40	static
../Drivers/CMSIS/DSP/Source/FastMathFunctions/arm_vlog_f32.c:57:24:arm_vlog_f32	40	static
../Drivers/CMSIS/DSP/Source/FastMathFunctions/arm_vlog_f64.c:35:24:arm_vlog_f64	40	static
../Drivers/CMSIS/DSP/Source/FastMathFunctions/arm_divide_q15.c:63:30:arm_divide_q15	40	static
../Drivers/CMSIS/DSP/Source/FastMathFunctions/arm_divide_q31.c:58:30:arm_divide_q31	80	static
../Drivers/CMSIS/DSP/Source/FastMathFunctions/arm_vlog_q31.c:58:17:arm_scalar_log_q31	80	static
../Drivers/CMSIS/DSP/Source/FastMathFunctions/arm_vlog_q31.c:217:24:arm_vlog_q31	32	static
../Drivers/CMSIS/DSP/Source/FastMathFunctions/arm_vlog_q15.c:61:17:arm_scalar_log_q15	40	static
../Drivers/CMSIS/DSP/Source/FastMathFunctions/arm_vlog_q15.c:224:24:arm_vlog_q15	32	static
../Drivers/CMSIS/DSP/Source/FastMathFunctions/arm_atan2_f32.c:135:30:arm_atan2_f32	136	static
../Drivers/CMSIS/DSP/Source/FastMathFunctions/arm_atan2_q31.c:188:30:arm_atan2_q31	816	static,ignoring_inline_asm
../Drivers/CMSIS/DSP/Source/FastMathFunctions/arm_atan2_q15.c:188:30:arm_atan2_q15	352	static,ignoring_inline_asm
