../Core/Src/LCD1602.c:18:6:delay	16	static
../Core/Src/LCD1602.c:26:6:send_to_lcd	16	static
../Core/Src/LCD1602.c:47:6:lcd_send_cmd	24	static
../Core/Src/LCD1602.c:60:6:lcd_send_data	24	static
../Core/Src/LCD1602.c:73:6:lcd_clear	8	static
../Core/Src/LCD1602.c:79:6:lcd_put_cur	16	static
../Core/Src/LCD1602.c:94:13:lcd_write_nibble	16	static
../Core/Src/LCD1602.c:109:6:lcd_init	8	static
../Core/Src/LCD1602.c:202:6:lcd_send_string	16	static
../Core/Src/LCD1602.c:208:6:read_keypad_recording_mode	8	static
../Core/Src/LCD1602.c:222:6:read_keypad	8	static
