../Core/Src/LCD1602.c:17:6:delay	16	static
../Core/Src/LCD1602.c:24:6:send_to_lcd	16	static
../Core/Src/LCD1602.c:39:6:lcd_send_cmd	24	static
../Core/Src/LCD1602.c:52:6:lcd_send_data	24	static
../Core/Src/LCD1602.c:65:6:lcd_clear	8	static
../Core/Src/LCD1602.c:71:6:lcd_put_cur	16	static
../Core/Src/LCD1602.c:86:13:lcd_write_nibble	16	static
../Core/Src/LCD1602.c:101:6:lcd_init	8	static
../Core/Src/LCD1602.c:194:6:lcd_send_string	16	static
../Core/Src/LCD1602.c:200:6:read_keypad_recording_mode	8	static
../Core/Src/LCD1602.c:214:6:read_keypad	8	static
