../Core/Src/sd_functions.c:31:5:sd_format	4120	static
../Core/Src/sd_functions.c:48:5:sd_get_space_kb	40	static
../Core/Src/sd_functions.c:62:5:sd_mount_debug	32	static
../Core/Src/sd_functions.c:184:5:sd_mount_NEW	24	static
../Core/Src/sd_functions.c:283:5:sd_unmount	16	static
../Core/Src/sd_functions.c:289:5:sd_write_file	592	static
../Core/Src/sd_functions.c:301:5:sd_write_file_binary	592	static
../Core/Src/sd_functions.c:317:5:sd_append_file	592	static
../Core/Src/sd_functions.c:335:5:sd_read_file	600	static
../Core/Src/sd_functions.c:370:5:sd_read_csv	744	static
../Core/Src/sd_functions.c:413:5:sd_delete_file	24	static
../Core/Src/sd_functions.c:419:5:sd_rename_file	24	static
../Core/Src/sd_functions.c:425:9:sd_create_directory	24	static
../Core/Src/sd_functions.c:431:6:sd_list_directory_recursive	232	static
../Core/Src/sd_functions.c:460:6:sd_list_files	8	static
